// Jest Snapshot v1, https://goo.gl/fbAQLP

exports[`formatDescription should properly format description 1`] = `
"description

usage: \`!test <param>\`"
`;
